1,Alice,Johnson,789 Oak St,New York,NY,10001,4561237890,1,donut,0.8
1,Alice,Johnson,789 Oak St,New York,NY,10001,4561237890,1,coffee,2.05
1,Jane,Smith,456 Elm St,New York,NY,10001,9876543210,1,donut,0.8
1,Jane,Smith,456 Elm St,New York,NY,10001,9876543210,1,coffee,2.05
1,John,Doe,123 Main St,New York,NY,10001,1234567890,1,donut,0.8
1,John,Doe,123 Main St,New York,NY,10001,1234567890,1,coffee,2.05
2,Bob,Brown,101 Pine St,San Francisco,CA,94105,1237894560,2,donut,1.5
2,Bob,Brown,101 Pine St,San Francisco,CA,94105,1237894560,2,plate,0.5
3,Charlie,White,202 Maple St,Austin,TX,73301,7894561230,3,tea,1.99