4,galilÃ©e,1564
3,marie curie,1867
2,isaac newton,1643
1,albert einstein,1879
