bob,jones,30.64,23456
alice,smith,1.50,34567
bob,smith,50.23,12345
alice,jones,500.93,67890