alice,smith,30.21,56789
bob,jones,30.64,23456
alice,jones,500.93,67890
bob,smith,0.50,45678