{"EmployeeDepartment":"Plumber","Employeename":"Surya","Salary":10000,"workhours":3}
{"EmployeeDepartment":"Plumber","Employeename":"Sahil","Salary":70000,"workhours":5}
{"EmployeeDepartment":"Plumber","Employeename":"Waugh","Salary":10000,"workhours":6}
{"EmployeeDepartment":"Plumber","Employeename":"Steve","Salary":10000,"workhours":7}
{"EmployeeDepartment":"Plumber","Employeename":"Smith","Salary":20000,"workhours":8}
{"EmployeeDepartment":"Electrician","Employeename":"Ragini","Salary":30000,"workhours":2}
{"EmployeeDepartment":"Electrician","Employeename":"Williamson","Salary":10000,"workhours":9}
{"EmployeeDepartment":"Electrician","Employeename":"James","Salary":80000,"workhours":10}
{"EmployeeDepartment":"Electrician","Employeename":"Steve Smith","Salary":10000,"workhours":23}
{"EmployeeDepartment":"Electrician","Employeename":"Mark Waugh","Salary":10000,"workhours":32}
