id,newCity
2,San Francisco
3,Los Angeles
1,New York