1,Tom,Cruise,https://jsonformatter.org/img/tom-cruise.jpg,file:/Users/sawantp/IdeaProjects/04.13.2022/hydrator-plugins/core-plugins/target/test-classes/testdata/file/OUTPUTFIELD_TEST.csv
2,Maria,Sharapova,https://jsonformatter.org/img/Maria-Sharapova.jpg,file:/Users/sawantp/IdeaProjects/04.13.2022/hydrator-plugins/core-plugins/target/test-classes/testdata/file/OUTPUTFIELD_TEST.csv
3,Robert,Downey Jr,https://jsonformatter.org/img/Robert-Downey-Jr.jpg,file:/Users/sawantp/IdeaProjects/04.13.2022/hydrator-plugins/core-plugins/target/test-classes/testdata/file/OUTPUTFIELD_TEST.csv
