0,userid	state	phonenumber	tablename
35,1	FL	213123123	guests
57,2	FL	344234234	guests
79,3	FL	456456456	guests
101,4	CA	2341234353	nonguest
126,5	CA	564564545	nonguest
150,6	CA	4564564564	nonguest
175,7	CH	456456456	nonguest
199,8	FL	323232366	guests
221,9	FL	674345345	guests
243,10	FL	8656756755	guests
267,11	CA	76675676756	nonguest
294,12	CA	8906785675	nonguest
320,13	CA	56745635757	nonguest
347,14	CH	5674564990	nonguest
