1,albert einstein,1879,true,sumitsri@gmail.com,2021-01-01T00:00:00,9.0075000001E8,3.140,-9223372036854770000,22.8,10111011101110111011
2,isaac newton,1643,false,sumitsri@gmail.com,2021-01-01T00:00:00,9.0075000001E8,3.142,-9223372036854770000,123.08,10111011101110111011
3,marie curie,1867,true,sumitsri@gmail.com,2021-01-01T00:00:00,9.0075000001E8,3.100,-9223372036854770000,124.97,10111011101110111011
4,galilÃ©e,1564,false,sumitsri@gmail.com,2021-01-01T00:00:00,9.0075000001E8,3.000,-9223372036854770000,,10111011101110111011
