1.0,Tom,Cruise,https://jsonformatter.org/img/tom-cruise.jpg,gs://cdf-athena-test/testoutputfield.csv
2.0,Maria,Sharapova,https://jsonformatter.org/img/Maria-Sharapova.jpg,gs://cdf-athena-test/testoutputfield.csv
3.0,Robert,Downey Jr,https://jsonformatter.org/img/Robert-Downey-Jr.jpg,gs://cdf-athena-test/testoutputfield.csv
